// Vitest Snapshot v1, https://vitest.dev/guide/snapshot.html

exports[`Auth component rendering 1`] = `
<DocumentFragment>
  <div
    class="fixed top-4 right-4"
  >
    <button
      class="w-12 h-12 flex items-center justify-center rounded-full bg-gray-200 shadow-lg hover:bg-gray-300 transition"
    >
      <svg
        class="lucide lucide-user"
        fill="none"
        height="24"
        stroke="currentColor"
        stroke-linecap="round"
        stroke-linejoin="round"
        stroke-width="2"
        viewBox="0 0 24 24"
        width="24"
        xmlns="http://www.w3.org/2000/svg"
      >
        <path
          d="M19 21v-2a4 4 0 0 0-4-4H9a4 4 0 0 0-4 4v2"
        />
        <circle
          cx="12"
          cy="7"
          r="4"
        />
      </svg>
    </button>
  </div>
</DocumentFragment>
`;
